// Vitest Snapshot v1, https://vitest.dev/guide/snapshot.html

exports[`SayHello Tests > should display the person name using snapshot testing 1`] = `
<DocumentFragment>
  <h1>
    Hello 
    <strong>
      John Doe
    </strong>
  </h1>
</DocumentFragment>
`;
